## Japanese Themed Restaurant Menu Item Idea:

**Name:** **Spicy Salmon & Avocado Donburi** 

**Description:**  A vibrant bowl of sushi rice topped with flame-seared salmon, creamy avocado slices, a drizzle of sriracha mayo, a sprinkle of toasted sesame seeds, and a vibrant green shiso leaf. 

**Why it's a good idea:**

* **Appealing and visually attractive:** The bright colors and contrasting textures make this dish visually appealing and enticing.
* **Combination of flavors and textures:** The combination of spicy, creamy, and savory flavors, along with soft and crunchy textures, creates a complex and satisfying dining experience.
* **Popularity of salmon and avocado:** These are popular ingredients in Japanese cuisine and are widely enjoyed.
* **Adaptable to dietary restrictions:** This dish can be easily adapted for vegetarians by replacing the salmon with pan-seared tofu. 

**Additional options:**

* **Offer it as a "build-your-own" donburi option:**  Let customers choose from various toppings like grilled eel, tempura shrimp, or pickled ginger.
* **Pair it with a side of miso soup or green tea:**  Complements the flavor of the donburi.
* **Present it in a unique bowl:**  Choose a visually appealing bowl with a Japanese design.

This menu item offers a flavorful, visually appealing, and adaptable option for your Japanese themed restaurant, catering to a wide range of tastes. 
